// Jest Snapshot v1, https://goo.gl/fbAQLP

exports[`Pokemon Options should match the snapshot 1`] = `
<div class="options-container">
  <ul>
    <li>pikachu</li>
    <li>charmander</li>
    <li>mewtwo</li>
    <li>bulbasaur</li>
  </ul>
</div>
`;
