// Jest Snapshot v1, https://goo.gl/fbAQLP

exports[`Indecision component should match the snapshot 1`] = `
<!--v-if-->
<div class="bg-dark"></div>
<div class="indecision-container"><input type="text" placeholder="Ask a question...">
  <p>End your question with a ? mark</p>
  <!--v-if-->
</div>
`;
